frames=2665 start=0.0s mean_detections=1149
continuation_rate=0.7764 (matched 2068219 of 2664000 previous live tracks)
tracks=58623 mean_len=36.28 median_len=11 p90_len=102 >=10:30439 >=30:18503 >=100:6115
frame0_cohort=1000 survivors@10=842 @30=507 @60=283 @120=168 @300=47
match_descriptor_cos median=0.970 p10=0.916 frac<0.7=0.0000
correction px median=0.93 p90=2.50
nearest-detection px from prev track: +flow median=1.24 p90=6.76 | -flow median=4.47 | zero median=3.06 p90=7.38
lost tracks: no detection within 6px=29560, nearest taken by other track=7027, nearest left free=21036, bad flow=0; lost nearest px median=6.18 p75=10.65
global loop search: 254 keyframes searched, database 7358 landmarks and 69.7 matches on average, matching 100.64 ms mean (max 223.3), P3P inliers median 0 p90 0, 0 verified, 0 loops detected
camera pose: posed 2661/2665 frames, 283 keyframes, 0 losses, 0 relocalized, 1 segments (largest 2662 poses), inlier ratio median 0.899, median reprojection 0.99 px, 15.00 ms/frame (max 268.4)
merged duplicate landmarks: 5080
landmarks: 16072 (9689 retired), re-associated 17092: next pose fit inlier 14458 / outlier 792 / unresolved 1835; untracked landmarks in view 2677.4 per frame
nearest raw detection (px) p25/p50/p75: untracked landmarks 4.0/6.4/10.1, random points 5.3/9.2/16.1
untracked in view, what is within 3 px: nothing 0.83, raw detection only 0.05, track without landmark 0.03, track with another landmark 0.09
  re-associated active , projection 0-1 px: inlier 3205 outlier 132 unresolved 219
  re-associated active , projection 1-2 px: inlier 10588 outlier 615 unresolved 712
  re-associated dormant, projection 0-1 px: inlier 117 outlier 7 unresolved 9
  re-associated dormant, projection 1-2 px: inlier 548 outlier 38 unresolved 51
global bundle adjustment before export
mean coasted tracks/frame=202.0
ms/frame: superpoint=19.25 flow_gpu=1.37 tracking_wall=4.68 (incl. flow wait) tracking_gpu=0.554
