  vo frame 2777: loop closed: keyframe 2777 with 155 (23 landmarks), 282 keyframes corrected, 23 merged [global]
  vo frame 2856: loop closed: keyframe 2856 with 176 (26 landmarks), 292 keyframes corrected, 26 merged [global]
frames=2815 start=0.0s mean_detections=1145
continuation_rate=0.7758 (matched 2182966 of 2813904 previous live tracks)
tracks=62097 mean_len=36.15 median_len=11 p90_len=102 >=10:32139 >=30:19652 >=100:6402
frame0_cohort=904 survivors@10=731 @30=551 @60=453 @120=180 @300=40
match_descriptor_cos median=0.971 p10=0.916 frac<0.7=0.0000
correction px median=0.93 p90=2.49
nearest-detection px from prev track: +flow median=1.24 p90=6.77 | -flow median=4.48 | zero median=3.07 p90=7.40
lost tracks: no detection within 6px=31435, nearest taken by other track=7487, nearest left free=22175, bad flow=0; lost nearest px median=6.20 p75=10.69
global loop search: 267 keyframes searched, database 7690 landmarks and 73.7 matches on average, matching 106.75 ms mean (max 230.7), P3P inliers median 0 p90 0, 13 verified, 2 loops detected
camera pose: posed 2810/2815 frames, 296 keyframes, 0 losses, 0 relocalized, 1 segments (largest 2811 poses), inlier ratio median 0.899, median reprojection 0.98 px, 18.83 ms/frame (max 5799.7)
merged duplicate landmarks: 5271
landmarks: 16795 (10400 retired), re-associated 17988: next pose fit inlier 15246 / outlier 830 / unresolved 1902; untracked landmarks in view 2658.3 per frame
nearest raw detection (px) p25/p50/p75: untracked landmarks 3.9/6.3/9.9, random points 5.3/9.2/16.1
untracked in view, what is within 3 px: nothing 0.83, raw detection only 0.05, track without landmark 0.03, track with another landmark 0.09
  re-associated active , projection 0-1 px: inlier 3340 outlier 115 unresolved 216
  re-associated active , projection 1-2 px: inlier 11166 outlier 671 unresolved 752
  re-associated dormant, projection 0-1 px: inlier 115 outlier 6 unresolved 8
  re-associated dormant, projection 1-2 px: inlier 625 outlier 38 unresolved 42
global bundle adjustment before export
mean coasted tracks/frame=202.5
ms/frame: superpoint=27.43 flow_gpu=2.51 tracking_wall=6.42 (incl. flow wait) tracking_gpu=1.087
