frames=313 start=0.0s mean_detections=1111
continuation_rate=0.6647 (matched 206949 of 311346 previous live tracks)
tracks=15679 mean_len=14.20 median_len=6 p90_len=38 >=10:6366 >=30:2247 >=100:94
frame0_cohort=589 survivors@10=364 @30=169 @60=31 @120=6 @300=0
match_descriptor_cos median=0.961 p10=0.875 frac<0.7=0.0000
correction px median=1.25 p90=3.20
nearest-detection px from prev track: +flow median=1.94 p90=8.92 | -flow median=6.30 | zero median=5.20 p90=11.41
lost tracks: no detection within 6px=8766, nearest taken by other track=1058, nearest left free=4855, bad flow=0; lost nearest px median=7.35 p75=12.90
global loop search: 21 keyframes searched, database 708 landmarks and 13.5 matches on average, matching 8.57 ms mean (max 25.1), P3P inliers median 0 p90 0, 0 verified, 0 loops detected
camera pose: posed 311/313 frames, 50 keyframes, 0 losses, 0 relocalized, 1 segments (largest 312 poses), inlier ratio median 0.827, median reprojection 1.35 px, 3.92 ms/frame (max 47.2)
merged duplicate landmarks: 607
landmarks: 4706 (0 retired), re-associated 1911: next pose fit inlier 1570 / outlier 160 / unresolved 178; untracked landmarks in view 1335.9 per frame
nearest raw detection (px) p25/p50/p75: untracked landmarks 4.0/6.5/10.4, random points 5.2/9.0/15.7
untracked in view, what is within 3 px: nothing 0.83, raw detection only 0.06, track without landmark 0.04, track with another landmark 0.07
  re-associated active , projection 0-1 px: inlier 369 outlier 29 unresolved 34
  re-associated active , projection 1-2 px: inlier 1180 outlier 131 unresolved 108
  re-associated dormant, projection 0-1 px: inlier 4 outlier 0 unresolved 1
  re-associated dormant, projection 1-2 px: inlier 17 outlier 0 unresolved 1
global bundle adjustment before export
mean coasted tracks/frame=287.6
ms/frame: superpoint=29.02 flow_gpu=2.87 tracking_wall=7.30 (incl. flow wait) tracking_gpu=1.141
